// Jest Snapshot v1, https://goo.gl/fbAQLP

exports[`Gift List App renders correctly 1`] = `ReactWrapper {}`;
